
连接器　版本8.7.7.181224
Input Object File: E:\旧电脑资料\收集的资料\手册\合泰\SoftWare-BH66F5250_DEMOCODE\Output\MAIN.OBJ
Input Object File: E:\旧电脑资料\收集的资料\手册\合泰\SoftWare-BH66F5250_DEMOCODE\Output\EEPROM.OBJ
Input Object File: E:\旧电脑资料\收集的资料\手册\合泰\SoftWare-BH66F5250_DEMOCODE\Output\ISR.OBJ
Input Object File: E:\旧电脑资料\收集的资料\手册\合泰\SoftWare-BH66F5250_DEMOCODE\Output\KEY_SCAN.OBJ
Input Object File: E:\旧电脑资料\收集的资料\手册\合泰\SoftWare-BH66F5250_DEMOCODE\Output\SYS_INIT.OBJ
Input Object File: E:\旧电脑资料\收集的资料\手册\合泰\SoftWare-BH66F5250_DEMOCODE\Output\ADC.OBJ
Input Object File: E:\旧电脑资料\收集的资料\手册\合泰\SoftWare-BH66F5250_DEMOCODE\Output\WORK_MODE_POLLING.OBJ
Input Object File: E:\旧电脑资料\收集的资料\手册\合泰\SoftWare-BH66F5250_DEMOCODE\Output\STARTUP1_L.OBJ
Input Object File: E:\旧电脑资料\收集的资料\手册\合泰\SoftWare-BH66F5250_DEMOCODE\Output\UART.OBJ

Input Library File: C:\Program Files\Holtek MCU Development Tools\HT-IDE3000V7.x\LIB\LIBHOLTEKGCC.LIB
Input Library File: C:\Program Files\Holtek MCU Development Tools\HT-IDE3000V7.x\LIB\v3_lmrsc.lib


     Bank    Start     End      Length     Class    AvgIns    Name
     00h     0000h     0000h    0001h      CODE               @code (E:\旧电脑资料\收集的资料\手册\合泰\SoftWare-BH66F5250_DEMOCODE\Output\MAIN.OBJ)
     00h     0001h     0001h    0001h      CODE               @start (E:\旧电脑资料\收集的资料\手册\合泰\SoftWare-BH66F5250_DEMOCODE\Output\MAIN.OBJ)
     00h     0002h     0004h    0003h      CODE               _fun_Key_init (E:\旧电脑资料\收集的资料\手册\合泰\SoftWare-BH66F5250_DEMOCODE\Output\KEY_SCAN.OBJ)
     00h     0005h     0011h    000dh      CODE               _fun_ResetInit (E:\旧电脑资料\收集的资料\手册\合泰\SoftWare-BH66F5250_DEMOCODE\Output\SYS_INIT.OBJ)
     00h     0012h     001fh    000eh      CODE               _fun_PowerOnInit (E:\旧电脑资料\收集的资料\手册\合泰\SoftWare-BH66F5250_DEMOCODE\Output\SYS_INIT.OBJ)
     00h     0020h     0022h    0003h      CODE               _CROM2PROM (CROM2PROM)
     00h     0024h     0027h    0004h      CODE               @UART_ISR_code (E:\旧电脑资料\收集的资料\手册\合泰\SoftWare-BH66F5250_DEMOCODE\Output\UART.OBJ)
     00h     0028h     008bh    0064h      CODE               _main (E:\旧电脑资料\收集的资料\手册\合泰\SoftWare-BH66F5250_DEMOCODE\Output\MAIN.OBJ)
     00h     008ch     00b4h    0029h      CODE               _fun_Key_Scan (E:\旧电脑资料\收集的资料\手册\合泰\SoftWare-BH66F5250_DEMOCODE\Output\KEY_SCAN.OBJ)
     00h     00b5h     00c7h    0013h      CODE               _fun_RamInit (E:\旧电脑资料\收集的资料\手册\合泰\SoftWare-BH66F5250_DEMOCODE\Output\SYS_INIT.OBJ)
     00h     00c8h     00dfh    0018h      CODE               _fun_ADC_INIT (E:\旧电脑资料\收集的资料\手册\合泰\SoftWare-BH66F5250_DEMOCODE\Output\ADC.OBJ)
     00h     00e0h     00ech    000dh      CODE               _fun_ADC_Enable (E:\旧电脑资料\收集的资料\手册\合泰\SoftWare-BH66F5250_DEMOCODE\Output\ADC.OBJ)
     00h     00edh     0136h    004ah      CODE               _fun_ADC_Polling (E:\旧电脑资料\收集的资料\手册\合泰\SoftWare-BH66F5250_DEMOCODE\Output\ADC.OBJ)
     00h     0137h     014bh    0015h      CODE               _Uart_Init (E:\旧电脑资料\收集的资料\手册\合泰\SoftWare-BH66F5250_DEMOCODE\Output\UART.OBJ)
     00h     014ch     0203h    00b8h      CODE               _UART_ISR (E:\旧电脑资料\收集的资料\手册\合泰\SoftWare-BH66F5250_DEMOCODE\Output\UART.OBJ)
     00h     0080h     0080h    0001h      DATA     11        @data_ra (C:\Program Files\Holtek MCU Development Tools\HT-IDE3000V7.x\LIB\LIBHOLTEKGCC.LIB)
     00h     0081h     0081h    0001h      DATA     6         @data_rb (C:\Program Files\Holtek MCU Development Tools\HT-IDE3000V7.x\LIB\LIBHOLTEKGCC.LIB)
     00h     0082h     0082h    0001h      DATA     2         @data_r124 (isr:ra~rh)
     00h     0083h     0083h    0001h      DATA     2         @data_r224 (isr:ra~rh)
     00h     0084h     0084h    0001h      DATA     5         @data_ra24 (isr:ra~rh)
     00h     0085h     0085h    0001h      DATA     2         @data_rb24 (isr:ra~rh)
     00h     0087h     0087h    0001h      DATA     6         @HCCINIT0_gu8v_KeyUp (E:\旧电脑资料\收集的资料\手册\合泰\SoftWare-BH66F5250_DEMOCODE\Output\KEY_SCAN.OBJ)
     00h     0088h     0088h    0001h      DATA     5         @HCCINIT0_gu8v_KeyPress (E:\旧电脑资料\收集的资料\手册\合泰\SoftWare-BH66F5250_DEMOCODE\Output\KEY_SCAN.OBJ)
     00h     0089h     0089h    0001h      DATA     5         @HCCINIT0_gu8v_KeyCurrent (E:\旧电脑资料\收集的资料\手册\合泰\SoftWare-BH66F5250_DEMOCODE\Output\KEY_SCAN.OBJ)
     00h     008ah     008ah    0001h      DATA     5         @HCCINIT0_gbv_adc_flag (E:\旧电脑资料\收集的资料\手册\合泰\SoftWare-BH66F5250_DEMOCODE\Output\ADC.OBJ)
     00h     008bh     008bh    0001h      DATA     5         @HCCINIT0_gbv_adc_Sample_Mode (E:\旧电脑资料\收集的资料\手册\合泰\SoftWare-BH66F5250_DEMOCODE\Output\ADC.OBJ)
     00h     008ch     008ch    0001h      DATA     5         @HCCINIT0_gu8v_Sample_Count (E:\旧电脑资料\收集的资料\手册\合泰\SoftWare-BH66F5250_DEMOCODE\Output\ADC.OBJ)
     00h     008dh     008dh    0001h      DATA     5         @HCCINIT0_gu8v_tx_guide (E:\旧电脑资料\收集的资料\手册\合泰\SoftWare-BH66F5250_DEMOCODE\Output\UART.OBJ)
     00h     008eh     0093h    0006h      DATA     4.6667    @HCCINIT0_array_uart_rxbuff (E:\旧电脑资料\收集的资料\手册\合泰\SoftWare-BH66F5250_DEMOCODE\Output\UART.OBJ)
     00h     0094h     0094h    0001h      DATA     4         @HCCINIT0_gu8v_PGA (E:\旧电脑资料\收集的资料\手册\合泰\SoftWare-BH66F5250_DEMOCODE\Output\MAIN.OBJ)
     00h     0095h     0095h    0001h      DATA     4         @HCCINIT0_gu8v_KeyNoChangedTime (E:\旧电脑资料\收集的资料\手册\合泰\SoftWare-BH66F5250_DEMOCODE\Output\KEY_SCAN.OBJ)
     00h     0096h     0096h    0001h      DATA     3         @HCCINIT0_gu8v_KeyLast (E:\旧电脑资料\收集的资料\手册\合泰\SoftWare-BH66F5250_DEMOCODE\Output\KEY_SCAN.OBJ)
     00h     0097h     0097h    0001h      DATA     3         @HCCINIT0_gu8v_KeyOld (E:\旧电脑资料\收集的资料\手册\合泰\SoftWare-BH66F5250_DEMOCODE\Output\KEY_SCAN.OBJ)
     00h     0098h     0098h    0001h      DATA     2         @HCCINIT0_gu8v_SPEED (E:\旧电脑资料\收集的资料\手册\合泰\SoftWare-BH66F5250_DEMOCODE\Output\MAIN.OBJ)
     00h     0099h     0099h    0001h      DATA     2         @HCCINIT0_gu8v_KeyDown (E:\旧电脑资料\收集的资料\手册\合泰\SoftWare-BH66F5250_DEMOCODE\Output\KEY_SCAN.OBJ)
     00h     009ah     009fh    0006h      DATA     1.8333    @HCCINIT0_array_uart_txbuff (E:\旧电脑资料\收集的资料\手册\合泰\SoftWare-BH66F5250_DEMOCODE\Output\UART.OBJ)
     00h     00a0h     00a0h    0001h      DATA     1         @HCCINIT0_gu8v_halt_time (E:\旧电脑资料\收集的资料\手册\合泰\SoftWare-BH66F5250_DEMOCODE\Output\MAIN.OBJ)
     00h     00a1h     00a1h    0001h      DATA     1         @HCCINIT0_gu8v_uart_flag (E:\旧电脑资料\收集的资料\手册\合泰\SoftWare-BH66F5250_DEMOCODE\Output\UART.OBJ)
     00h     00a2h     00a2h    0001h      DATA     0         @HCCINIT0_gu8v_Keypress_time (E:\旧电脑资料\收集的资料\手册\合泰\SoftWare-BH66F5250_DEMOCODE\Output\KEY_SCAN.OBJ)
     00h     00a3h     00a3h    0001h      DATA     0         @HCCINIT0_gu8v_Key_status (E:\旧电脑资料\收集的资料\手册\合泰\SoftWare-BH66F5250_DEMOCODE\Output\KEY_SCAN.OBJ)
     00h     00a4h     00a4h    0001h      DATA     0         @HCCINIT0_gu8v_KeyCanChange (E:\旧电脑资料\收集的资料\手册\合泰\SoftWare-BH66F5250_DEMOCODE\Output\KEY_SCAN.OBJ)
     00h     00a5h     00b8h    0014h      DATA     0         @HCCINIT0_gs16v_adc_buff (E:\旧电脑资料\收集的资料\手册\合泰\SoftWare-BH66F5250_DEMOCODE\Output\ADC.OBJ)
     00h     00b9h     00b9h    0001h      DATA     0         @HCCINIT0_gu8v_rx_guide (E:\旧电脑资料\收集的资料\手册\合泰\SoftWare-BH66F5250_DEMOCODE\Output\UART.OBJ)
     00h     00bah     00bah    0001h      DATA     2         @data_r324 (isr:ra~rh)
     00h     00bbh     00bbh    0001h      DATA     2         @data_r424 (isr:ra~rh)
     00h     00bch     00bch    0001h      DATA     2         @data_r524 (isr:ra~rh)
     00h     00bdh     00bdh    0001h      DATA     2         @data_r624 (isr:ra~rh)

     Local Sections

     Bank    Start     End      Length     Class    AvgIns    Name
     00h     0087h     0087h    0000h      LOCAL    0         @dummy (E:\旧电脑资料\收集的资料\手册\合泰\SoftWare-BH66F5250_DEMOCODE\Output\MAIN.OBJ)
     00h     0086h     0086h    0001h      LOCAL    9         _main (E:\旧电脑资料\收集的资料\手册\合泰\SoftWare-BH66F5250_DEMOCODE\Output\MAIN.OBJ)
     00h     0086h     0086h    0000h      LOCAL    0         _fun_PowerOnInit (E:\旧电脑资料\收集的资料\手册\合泰\SoftWare-BH66F5250_DEMOCODE\Output\SYS_INIT.OBJ)
     00h     0086h     0086h    0000h      LOCAL    0         _fun_RamInit (E:\旧电脑资料\收集的资料\手册\合泰\SoftWare-BH66F5250_DEMOCODE\Output\SYS_INIT.OBJ)
     00h     0086h     0086h    0000h      LOCAL    0         _fun_ResetInit (E:\旧电脑资料\收集的资料\手册\合泰\SoftWare-BH66F5250_DEMOCODE\Output\SYS_INIT.OBJ)
     00h     0086h     0086h    0000h      LOCAL    0         _fun_Key_init (E:\旧电脑资料\收集的资料\手册\合泰\SoftWare-BH66F5250_DEMOCODE\Output\KEY_SCAN.OBJ)
     00h     0086h     0086h    0000h      LOCAL    0         _fun_ADC_INIT (E:\旧电脑资料\收集的资料\手册\合泰\SoftWare-BH66F5250_DEMOCODE\Output\ADC.OBJ)
     00h     0086h     0086h    0000h      LOCAL    0         _fun_ADC_Enable (E:\旧电脑资料\收集的资料\手册\合泰\SoftWare-BH66F5250_DEMOCODE\Output\ADC.OBJ)
     00h     0086h     0086h    0000h      LOCAL    0         _Uart_Init (E:\旧电脑资料\收集的资料\手册\合泰\SoftWare-BH66F5250_DEMOCODE\Output\UART.OBJ)
     00h     0086h     0086h    0000h      LOCAL    0         _fun_ADC_Polling (E:\旧电脑资料\收集的资料\手册\合泰\SoftWare-BH66F5250_DEMOCODE\Output\ADC.OBJ)
     00h     0086h     0086h    0000h      LOCAL    0         _Crom2Prom (CROM2PROM)
     00h     0086h     0086h    0000h      LOCAL    0         _fun_Key_Scan (E:\旧电脑资料\收集的资料\手册\合泰\SoftWare-BH66F5250_DEMOCODE\Output\KEY_SCAN.OBJ)
     00h     0086h     0086h    0000h      LOCAL    0         @dummy36 (E:\旧电脑资料\收集的资料\手册\合泰\SoftWare-BH66F5250_DEMOCODE\Output\UART.OBJ)
     00h     0086h     0086h    0000h      LOCAL    0         _UART_ISR (E:\旧电脑资料\收集的资料\手册\合泰\SoftWare-BH66F5250_DEMOCODE\Output\UART.OBJ)

     Public Symbols Information
     Address            Public by Name
     0021h              _Crom2Prom
     0020h              _Crom2PromNext
     014ch              _UART_ISR
     0137h              _Uart_Init
     008eh              _array_uart_rxbuff
     009ah              _array_uart_txbuff
     00e0h              _fun_ADC_Enable
     00c8h              _fun_ADC_INIT
     00edh              _fun_ADC_Polling
     008ch              _fun_Key_Scan
     0002h              _fun_Key_init
     0012h              _fun_PowerOnInit
     00b5h              _fun_RamInit
     0005h              _fun_ResetInit
     008bh              _gbv_adc_Sample_Mode
     008ah              _gbv_adc_flag
     00a5h              _gs16v_adc_buff
     00a4h              _gu8v_KeyCanChange
     0089h              _gu8v_KeyCurrent
     0099h              _gu8v_KeyDown
     0096h              _gu8v_KeyLast
     0095h              _gu8v_KeyNoChangedTime
     0097h              _gu8v_KeyOld
     0088h              _gu8v_KeyPress
     0087h              _gu8v_KeyUp
     00a3h              _gu8v_Key_status
     00a2h              _gu8v_Keypress_time
     0094h              _gu8v_PGA
     0098h              _gu8v_SPEED
     008ch              _gu8v_Sample_Count
     00a0h              _gu8v_halt_time
     00b9h              _gu8v_rx_guide
     008dh              _gu8v_tx_guide
     00a1h              _gu8v_uart_flag
     0028h              _main
     0082h              r124
     0083h              r224
     00bah              r324
     00bbh              r424
     00bch              r524
     00bdh              r624
     0080h              ra
     0084h              ra24
     0081h              rb
     0085h              rb24

     Address            Public by Value
     0002h              _fun_Key_init
     0005h              _fun_ResetInit
     0012h              _fun_PowerOnInit
     0020h              _Crom2PromNext
     0021h              _Crom2Prom
     0028h              _main
     0080h              ra
     0081h              rb
     0082h              r124
     0083h              r224
     0084h              ra24
     0085h              rb24
     0087h              _gu8v_KeyUp
     0088h              _gu8v_KeyPress
     0089h              _gu8v_KeyCurrent
     008ah              _gbv_adc_flag
     008bh              _gbv_adc_Sample_Mode
     008ch              _gu8v_Sample_Count
     008ch              _fun_Key_Scan
     008dh              _gu8v_tx_guide
     008eh              _array_uart_rxbuff
     0094h              _gu8v_PGA
     0095h              _gu8v_KeyNoChangedTime
     0096h              _gu8v_KeyLast
     0097h              _gu8v_KeyOld
     0098h              _gu8v_SPEED
     0099h              _gu8v_KeyDown
     009ah              _array_uart_txbuff
     00a0h              _gu8v_halt_time
     00a1h              _gu8v_uart_flag
     00a2h              _gu8v_Keypress_time
     00a3h              _gu8v_Key_status
     00a4h              _gu8v_KeyCanChange
     00a5h              _gs16v_adc_buff
     00b5h              _fun_RamInit
     00b9h              _gu8v_rx_guide
     00bah              r324
     00bbh              r424
     00bch              r524
     00bdh              r624
     00c8h              _fun_ADC_INIT
     00e0h              _fun_ADC_Enable
     00edh              _fun_ADC_Polling
     0137h              _Uart_Init
     014ch              _UART_ISR


ROM Usage Statistics
     Size      Used     Percentage
     2000h     0203h    6%

RAM Usage Statistics
    Bank      Size      Used     Percentage
     00h       0080h     003eh    48%
     01h       0080h     0000h    0%
     02h       0080h     0004h    3%
     03h       0080h     0000h    0%
     Total     0200h     0042h    12%

Use Stack Count
_main: 3
_UART_ISR: 1

Call Tree
    @dummy
        _main (0)
            _fun_PowerOnInit (1)
                _fun_RamInit (2)
                _fun_ResetInit (2)
                    _fun_Key_init (3)
            _fun_ADC_INIT (1)
            _fun_ADC_Enable (1)
            _Uart_Init (1)
            _fun_ResetInit (1)
                _fun_Key_init (2)
            _fun_ADC_Polling (1)
                _Crom2Prom (2)
            _fun_Key_Scan (1)
    @dummy36
        _UART_ISR (0)
            _Crom2Prom (1)

HLINK : 程序的开始执行点在程序段'@code'（地址0）。定义在'E:\旧电脑资料\收集的资料\手册\合泰\SoftWare-BH66F5250_DEMOCODE\Output\MAIN.OBJ' 文件中

错误总数 : 0  警告总数 : 0
